split_fields=["a";"";"b";""]
split_empty=[""]
split_empty_separator=<failure>
split_multibyte_separator=<failure>
sub_set_duplicate_true=true
sub_set_false=false
eq_set_reordered_true=true
eq_set_false=false
int_to_text_int_positive="+7"
int_to_text_int_negative="-7"
int_to_text_nat_positive="7"
bits_to_int_signed_negative=-8
bits_to_int_signed_positive=2
bits_to_int_signed_empty=<failure>
int_to_bits_unsigned_wrap=0010
int_to_bits_unsigned_negative=1111
int_to_bits_unsigned_zero=
int_to_bits_unsigned_too_wide=<failure>
int_to_bits_signed_negative=1101
int_to_bits_signed_positive_wrap=1101
int_to_bits_signed_zero=
int_to_bits_signed_too_wide=<failure>
bitacc_normal=5
bitacc_negative_base=7
bitacc_negative_odd=2
bitacc_zero_width=0
bitacc_negative_width=0
bitacc_negative_low=<failure>
bitacc_huge_low=<failure>
bitacc_replace_normal=15
bitacc_replace_reversed=1
bitacc_replace_negative_high=8
bitacc_replace_unmasked=510
bitacc_replace_xor=14
bitacc_replace_negative_base=-15
bitacc_replace_negative_replacement=-2
bitacc_replace_negative_low=<failure>
bitacc_replace_huge_low=<failure>
text_empty=0
text_plus=0
text_minus=0
text_hex_empty=0
text_binary_empty=0
text_octal_empty=0
text_plus_decimal=12
text_minus_plus_decimal=-12
text_minus_plus_empty=0
text_plus_minus_invalid=<failure>
text_upper_hex=250
text_binary=5
text_octal=15
text_underscores=1000
text_negative_hex=-16
text_leading_underscore=<failure>
text_prefix_underscore=<failure>
text_bad_binary=<failure>
text_bad_octal=<failure>
text_bad_hex=<failure>
text_only_underscore=<failure>
text_empty_hex_underscore=<failure>
text_decimal_letter=<failure>
text_leading_space=<failure>
text_trailing_space=<failure>
