otherwise_zero=zero
otherwise_nonzero=FRESH__0
otherwise_effectful=FRESH__1
otherwise_unvisited=fallback
pattern_empty=empty
pattern_nonempty=FRESH__0
pattern_after_fresh=FRESH__1
after_three=FRESH__3
after_all_failed=FRESH__2
diagonal_same=same
diagonal_different=FRESH__0
Ordered=FRESH__0,FRESH__1
Guarded=FRESH__1
Grouped0=zero
Grouped7=FRESH__0
det_otherwise_zero=zero
det_otherwise_nonzero=FRESH__0
det_otherwise_effectful=FRESH__1
det_otherwise_unvisited=fallback
det_pattern_empty=empty
det_pattern_nonempty=FRESH__0
det_pattern_after_fresh=FRESH__1
det_after_three=FRESH__3
det_after_all_failed=FRESH__2
det_diagonal_same=same
det_diagonal_different=FRESH__0
det_Ordered=FRESH__0,FRESH__1
det_Guarded=FRESH__1
det_Grouped0=zero
det_Grouped7=FRESH__0
