[WARNING] Running as root is not recommended
fresh trace: identity, nested scopes, exception restoration and unchanged counter
fresh cases: oracle allocations, ordinary text, repeat references and quotient uniqueness checked
fresh-alpha: proved swap, identity, and preserved data
fresh-alpha-extern: proved swap, identity, and preserved data
fresh-alpha-text: proved swap, identity, and preserved data
fresh-alpha-alias: proved swap, identity, and preserved data
fresh-alpha-shadow: proved swap, identity, and preserved data
alpha support scope and unsupported diagnostics: verified
generated bytes for 16/32/64 clauses: 69660 118377 215939
generated bytes for 16/32/64 guards: 36780 62112 105455
generated bytes for 64 straight-line public functions: 175818
default generated bytes/typed plans for 64 one-rule relations: 330188 64
fresh rollback: failed alternatives reset; successful calls share state
all 11 source extern declarations emitted
shared plan: membership, ordered premises, evaluator soundness and typed inversion checked
relation graph: typed transitive callback SCCs checked
relation-wfs: split Atom and existing proofs passed (max width 32)
decidable-eq: split Atom and existing proofs passed (max width 32)
print: split Atom and existing proofs passed (max width 32)
prefix-regression: split Atom and existing proofs passed (max width 32)
extern-model: split Atom and existing proofs passed (max width 32)
recursive-groups: split Atom and existing proofs passed (max width 128)
relation-wfs: split rules and proofs passed (max width 32)
decidable-eq: split rules and proofs passed (max width 32)
print: split rules and proofs passed (max width 32)
fresh-regression: split rules and proofs passed (max width 32)
prefix-regression: split rules and proofs passed (max width 32)
extern-model: split rules and proofs passed (max width 32)
extern-static: split rules and proofs passed (max width 32)
recursive groups: boundary rule and two-level elimination passed
composition: passed
wfs: passed
recursive_groups: passed
unsplit: passed
explicit_handler: passed
section_parameters: passed
section_parameters_split: passed
unrelated_heads: passed
unrelated_heads_using: passed
local_known_fact: passed
invalid: passed
unused_handler: passed
unrelated_polymorphic_extern_heads: passed
polymorphic_extern: passed
fresh supply: dynamic paths, protected inputs, and concat provenance checked
fresh nominal: identities, rollback, alpha consistency, and audit checked
relation local: SCC-local and explicit legacy judgements checked
ordered evaluator: outcomes, prefix flow, and universal search checked
'SpecTec.pair_parity' depends on axioms: [propext]
'SpecTec.pair_has_even' depends on axioms: [propext]
'SpecTec.odd_rejected' depends on axioms: [propext]
local proof support: inversion, induction, and certificates checked
